// Jest Snapshot v1, https://goo.gl/fbAQLP

exports[`Favorites  renders correctly 1`] = `
ShallowWrapper {
  "length": 1,
  Symbol(enzyme.__root__): [Circular],
  Symbol(enzyme.__unrendered__): <Favorites
    favorites={
        Array [
            Object {
              "homeworld": "Tatooine",
              "id": 1,
              "name": "Luke Skywalker",
              "population": 200000,
              "species": "Human",
            },
            Object {
              "homeworld": "Tatooine",
              "id": 2,
              "name": "Luke Skywalker",
              "population": 200000,
              "species": "Human",
            },
            Object {
              "homeworld": "Tatooine",
              "id": 3,
              "name": "Luke Skywalker",
              "population": 200000,
              "species": "Human",
            },
          ]
    }
/>,
  Symbol(enzyme.__renderer__): Object {
    "batchedUpdates": [Function],
    "getNode": [Function],
    "render": [Function],
    "simulateEvent": [Function],
    "unmount": [Function],
  },
  Symbol(enzyme.__node__): Object {
    "instance": null,
    "key": undefined,
    "nodeType": "host",
    "props": Object {
      "children": Array [
        <Card
          cardData={
                    Object {
                              "homeworld": "Tatooine",
                              "id": 1,
                              "name": "Luke Skywalker",
                              "population": 200000,
                              "species": "Human",
                            }
          }
          homeworld="Tatooine"
          id={1}
          isFav={true}
          name="Luke Skywalker"
          population={200000}
          species="Human"
          toggleFavorites={undefined}
/>,
        <Card
          cardData={
                    Object {
                              "homeworld": "Tatooine",
                              "id": 2,
                              "name": "Luke Skywalker",
                              "population": 200000,
                              "species": "Human",
                            }
          }
          homeworld="Tatooine"
          id={2}
          isFav={true}
          name="Luke Skywalker"
          population={200000}
          species="Human"
          toggleFavorites={undefined}
/>,
        <Card
          cardData={
                    Object {
                              "homeworld": "Tatooine",
                              "id": 3,
                              "name": "Luke Skywalker",
                              "population": 200000,
                              "species": "Human",
                            }
          }
          homeworld="Tatooine"
          id={3}
          isFav={true}
          name="Luke Skywalker"
          population={200000}
          species="Human"
          toggleFavorites={undefined}
/>,
      ],
    },
    "ref": null,
    "rendered": Array [
      Object {
        "instance": null,
        "key": "Luke Skywalker0",
        "nodeType": "function",
        "props": Object {
          "cardData": Object {
            "homeworld": "Tatooine",
            "id": 1,
            "name": "Luke Skywalker",
            "population": 200000,
            "species": "Human",
          },
          "homeworld": "Tatooine",
          "id": 1,
          "isFav": true,
          "name": "Luke Skywalker",
          "population": 200000,
          "species": "Human",
          "toggleFavorites": undefined,
        },
        "ref": null,
        "rendered": null,
        "type": [Function],
      },
      Object {
        "instance": null,
        "key": "Luke Skywalker1",
        "nodeType": "function",
        "props": Object {
          "cardData": Object {
            "homeworld": "Tatooine",
            "id": 2,
            "name": "Luke Skywalker",
            "population": 200000,
            "species": "Human",
          },
          "homeworld": "Tatooine",
          "id": 2,
          "isFav": true,
          "name": "Luke Skywalker",
          "population": 200000,
          "species": "Human",
          "toggleFavorites": undefined,
        },
        "ref": null,
        "rendered": null,
        "type": [Function],
      },
      Object {
        "instance": null,
        "key": "Luke Skywalker2",
        "nodeType": "function",
        "props": Object {
          "cardData": Object {
            "homeworld": "Tatooine",
            "id": 3,
            "name": "Luke Skywalker",
            "population": 200000,
            "species": "Human",
          },
          "homeworld": "Tatooine",
          "id": 3,
          "isFav": true,
          "name": "Luke Skywalker",
          "population": 200000,
          "species": "Human",
          "toggleFavorites": undefined,
        },
        "ref": null,
        "rendered": null,
        "type": [Function],
      },
    ],
    "type": "section",
  },
  Symbol(enzyme.__nodes__): Array [
    Object {
      "instance": null,
      "key": undefined,
      "nodeType": "host",
      "props": Object {
        "children": Array [
          <Card
            cardData={
                        Object {
                                    "homeworld": "Tatooine",
                                    "id": 1,
                                    "name": "Luke Skywalker",
                                    "population": 200000,
                                    "species": "Human",
                                  }
            }
            homeworld="Tatooine"
            id={1}
            isFav={true}
            name="Luke Skywalker"
            population={200000}
            species="Human"
            toggleFavorites={undefined}
/>,
          <Card
            cardData={
                        Object {
                                    "homeworld": "Tatooine",
                                    "id": 2,
                                    "name": "Luke Skywalker",
                                    "population": 200000,
                                    "species": "Human",
                                  }
            }
            homeworld="Tatooine"
            id={2}
            isFav={true}
            name="Luke Skywalker"
            population={200000}
            species="Human"
            toggleFavorites={undefined}
/>,
          <Card
            cardData={
                        Object {
                                    "homeworld": "Tatooine",
                                    "id": 3,
                                    "name": "Luke Skywalker",
                                    "population": 200000,
                                    "species": "Human",
                                  }
            }
            homeworld="Tatooine"
            id={3}
            isFav={true}
            name="Luke Skywalker"
            population={200000}
            species="Human"
            toggleFavorites={undefined}
/>,
        ],
      },
      "ref": null,
      "rendered": Array [
        Object {
          "instance": null,
          "key": "Luke Skywalker0",
          "nodeType": "function",
          "props": Object {
            "cardData": Object {
              "homeworld": "Tatooine",
              "id": 1,
              "name": "Luke Skywalker",
              "population": 200000,
              "species": "Human",
            },
            "homeworld": "Tatooine",
            "id": 1,
            "isFav": true,
            "name": "Luke Skywalker",
            "population": 200000,
            "species": "Human",
            "toggleFavorites": undefined,
          },
          "ref": null,
          "rendered": null,
          "type": [Function],
        },
        Object {
          "instance": null,
          "key": "Luke Skywalker1",
          "nodeType": "function",
          "props": Object {
            "cardData": Object {
              "homeworld": "Tatooine",
              "id": 2,
              "name": "Luke Skywalker",
              "population": 200000,
              "species": "Human",
            },
            "homeworld": "Tatooine",
            "id": 2,
            "isFav": true,
            "name": "Luke Skywalker",
            "population": 200000,
            "species": "Human",
            "toggleFavorites": undefined,
          },
          "ref": null,
          "rendered": null,
          "type": [Function],
        },
        Object {
          "instance": null,
          "key": "Luke Skywalker2",
          "nodeType": "function",
          "props": Object {
            "cardData": Object {
              "homeworld": "Tatooine",
              "id": 3,
              "name": "Luke Skywalker",
              "population": 200000,
              "species": "Human",
            },
            "homeworld": "Tatooine",
            "id": 3,
            "isFav": true,
            "name": "Luke Skywalker",
            "population": 200000,
            "species": "Human",
            "toggleFavorites": undefined,
          },
          "ref": null,
          "rendered": null,
          "type": [Function],
        },
      ],
      "type": "section",
    },
  ],
  Symbol(enzyme.__options__): Object {
    "adapter": ReactSixteenAdapter {
      "options": Object {
        "enableComponentDidUpdateOnSetState": true,
      },
    },
    "disableLifecycleMethods": true,
  },
}
`;
