// Jest Snapshot v1, https://goo.gl/fbAQLP

exports[`Vehicles  renders correctly 1`] = `
ShallowWrapper {
  "length": 1,
  Symbol(enzyme.__root__): [Circular],
  Symbol(enzyme.__unrendered__): <Vehicles
    favorites={
        Array [
            Object {
              "homeworld": "Tatooine",
              "id": 1,
              "name": "Luke Skywalker",
              "population": 200000,
              "species": "Human",
            },
            Object {
              "homeworld": "Tatooine",
              "id": 2,
              "name": "Luke Skywalker",
              "population": 200000,
              "species": "Human",
            },
            Object {
              "homeworld": "Tatooine",
              "id": 3,
              "name": "Luke Skywalker",
              "population": 200000,
              "species": "Human",
            },
          ]
    }
    vehicles={
        Array [
            Object {
              "id": "Sand Crawler0",
              "model": "Digger Crawler",
              "name": "Sand Crawler",
              "passengers": "30",
              "vehicle_class": "wheeled",
            },
          ]
    }
/>,
  Symbol(enzyme.__renderer__): Object {
    "batchedUpdates": [Function],
    "getNode": [Function],
    "render": [Function],
    "simulateEvent": [Function],
    "unmount": [Function],
  },
  Symbol(enzyme.__node__): Object {
    "instance": null,
    "key": undefined,
    "nodeType": "host",
    "props": Object {
      "children": Array [
        <h1>
          vehicles cards
</h1>,
        Array [
          <Card
            cardData={
                        Object {
                                    "id": "Sand Crawler0",
                                    "model": "Digger Crawler",
                                    "name": "Sand Crawler",
                                    "passengers": "30",
                                    "vehicle_class": "wheeled",
                                  }
            }
            id="Sand Crawler0"
            isFav={false}
            model="Digger Crawler"
            name="Sand Crawler"
            passengers="30"
            toggleFavorites={undefined}
            vehicle_class="wheeled"
/>,
        ],
      ],
    },
    "ref": null,
    "rendered": Array [
      Object {
        "instance": null,
        "key": undefined,
        "nodeType": "host",
        "props": Object {
          "children": "vehicles cards",
        },
        "ref": null,
        "rendered": "vehicles cards",
        "type": "h1",
      },
      Object {
        "instance": null,
        "key": "Sand Crawler0",
        "nodeType": "function",
        "props": Object {
          "cardData": Object {
            "id": "Sand Crawler0",
            "model": "Digger Crawler",
            "name": "Sand Crawler",
            "passengers": "30",
            "vehicle_class": "wheeled",
          },
          "id": "Sand Crawler0",
          "isFav": false,
          "model": "Digger Crawler",
          "name": "Sand Crawler",
          "passengers": "30",
          "toggleFavorites": undefined,
          "vehicle_class": "wheeled",
        },
        "ref": null,
        "rendered": null,
        "type": [Function],
      },
    ],
    "type": "section",
  },
  Symbol(enzyme.__nodes__): Array [
    Object {
      "instance": null,
      "key": undefined,
      "nodeType": "host",
      "props": Object {
        "children": Array [
          <h1>
            vehicles cards
</h1>,
          Array [
            <Card
              cardData={
                            Object {
                                          "id": "Sand Crawler0",
                                          "model": "Digger Crawler",
                                          "name": "Sand Crawler",
                                          "passengers": "30",
                                          "vehicle_class": "wheeled",
                                        }
              }
              id="Sand Crawler0"
              isFav={false}
              model="Digger Crawler"
              name="Sand Crawler"
              passengers="30"
              toggleFavorites={undefined}
              vehicle_class="wheeled"
/>,
          ],
        ],
      },
      "ref": null,
      "rendered": Array [
        Object {
          "instance": null,
          "key": undefined,
          "nodeType": "host",
          "props": Object {
            "children": "vehicles cards",
          },
          "ref": null,
          "rendered": "vehicles cards",
          "type": "h1",
        },
        Object {
          "instance": null,
          "key": "Sand Crawler0",
          "nodeType": "function",
          "props": Object {
            "cardData": Object {
              "id": "Sand Crawler0",
              "model": "Digger Crawler",
              "name": "Sand Crawler",
              "passengers": "30",
              "vehicle_class": "wheeled",
            },
            "id": "Sand Crawler0",
            "isFav": false,
            "model": "Digger Crawler",
            "name": "Sand Crawler",
            "passengers": "30",
            "toggleFavorites": undefined,
            "vehicle_class": "wheeled",
          },
          "ref": null,
          "rendered": null,
          "type": [Function],
        },
      ],
      "type": "section",
    },
  ],
  Symbol(enzyme.__options__): Object {
    "adapter": ReactSixteenAdapter {
      "options": Object {
        "enableComponentDidUpdateOnSetState": true,
      },
    },
    "disableLifecycleMethods": true,
  },
}
`;
