// Jest Snapshot v1, https://goo.gl/fbAQLP

exports[`Starships  renders correctly 1`] = `
ShallowWrapper {
  "length": 1,
  Symbol(enzyme.__root__): [Circular],
  Symbol(enzyme.__unrendered__): <Starships
    favorites={
        Array [
            Object {
              "homeworld": "Tatooine",
              "id": 1,
              "name": "Luke Skywalker",
              "population": 200000,
              "species": "Human",
            },
            Object {
              "homeworld": "Tatooine",
              "id": 2,
              "name": "Luke Skywalker",
              "population": 200000,
              "species": "Human",
            },
            Object {
              "homeworld": "Tatooine",
              "id": 3,
              "name": "Luke Skywalker",
              "population": 200000,
              "species": "Human",
            },
          ]
    }
    starships={
        Array [
            Object {
              "crew": "Crew: 279144",
              "id": "Executor0",
              "length": "Length: 19000m/s",
              "model": "Model: Executor-class star dreadnought",
              "name": "Name: Executor",
              "passengers": "Passengers: 38000",
              "starship_class": "Class: Star dreadnought",
            },
          ]
    }
/>,
  Symbol(enzyme.__renderer__): Object {
    "batchedUpdates": [Function],
    "getNode": [Function],
    "render": [Function],
    "simulateEvent": [Function],
    "unmount": [Function],
  },
  Symbol(enzyme.__node__): Object {
    "instance": null,
    "key": undefined,
    "nodeType": "host",
    "props": Object {
      "children": Array [
        <Card
          cardData={
                    Object {
                              "crew": "Crew: 279144",
                              "id": "Executor0",
                              "length": "Length: 19000m/s",
                              "model": "Model: Executor-class star dreadnought",
                              "name": "Name: Executor",
                              "passengers": "Passengers: 38000",
                              "starship_class": "Class: Star dreadnought",
                            }
          }
          crew="Crew: 279144"
          id="Executor0"
          isFav={false}
          length="Length: 19000m/s"
          model="Model: Executor-class star dreadnought"
          name="Name: Executor"
          passengers="Passengers: 38000"
          starship_class="Class: Star dreadnought"
          toggleFavorites={undefined}
/>,
      ],
    },
    "ref": null,
    "rendered": Array [
      Object {
        "instance": null,
        "key": "Name: Executor0",
        "nodeType": "function",
        "props": Object {
          "cardData": Object {
            "crew": "Crew: 279144",
            "id": "Executor0",
            "length": "Length: 19000m/s",
            "model": "Model: Executor-class star dreadnought",
            "name": "Name: Executor",
            "passengers": "Passengers: 38000",
            "starship_class": "Class: Star dreadnought",
          },
          "crew": "Crew: 279144",
          "id": "Executor0",
          "isFav": false,
          "length": "Length: 19000m/s",
          "model": "Model: Executor-class star dreadnought",
          "name": "Name: Executor",
          "passengers": "Passengers: 38000",
          "starship_class": "Class: Star dreadnought",
          "toggleFavorites": undefined,
        },
        "ref": null,
        "rendered": null,
        "type": [Function],
      },
    ],
    "type": "section",
  },
  Symbol(enzyme.__nodes__): Array [
    Object {
      "instance": null,
      "key": undefined,
      "nodeType": "host",
      "props": Object {
        "children": Array [
          <Card
            cardData={
                        Object {
                                    "crew": "Crew: 279144",
                                    "id": "Executor0",
                                    "length": "Length: 19000m/s",
                                    "model": "Model: Executor-class star dreadnought",
                                    "name": "Name: Executor",
                                    "passengers": "Passengers: 38000",
                                    "starship_class": "Class: Star dreadnought",
                                  }
            }
            crew="Crew: 279144"
            id="Executor0"
            isFav={false}
            length="Length: 19000m/s"
            model="Model: Executor-class star dreadnought"
            name="Name: Executor"
            passengers="Passengers: 38000"
            starship_class="Class: Star dreadnought"
            toggleFavorites={undefined}
/>,
        ],
      },
      "ref": null,
      "rendered": Array [
        Object {
          "instance": null,
          "key": "Name: Executor0",
          "nodeType": "function",
          "props": Object {
            "cardData": Object {
              "crew": "Crew: 279144",
              "id": "Executor0",
              "length": "Length: 19000m/s",
              "model": "Model: Executor-class star dreadnought",
              "name": "Name: Executor",
              "passengers": "Passengers: 38000",
              "starship_class": "Class: Star dreadnought",
            },
            "crew": "Crew: 279144",
            "id": "Executor0",
            "isFav": false,
            "length": "Length: 19000m/s",
            "model": "Model: Executor-class star dreadnought",
            "name": "Name: Executor",
            "passengers": "Passengers: 38000",
            "starship_class": "Class: Star dreadnought",
            "toggleFavorites": undefined,
          },
          "ref": null,
          "rendered": null,
          "type": [Function],
        },
      ],
      "type": "section",
    },
  ],
  Symbol(enzyme.__options__): Object {
    "adapter": ReactSixteenAdapter {
      "options": Object {
        "enableComponentDidUpdateOnSetState": true,
      },
    },
    "disableLifecycleMethods": true,
  },
}
`;
