// Jest Snapshot v1, https://goo.gl/fbAQLP

exports[`Header  renders correctly 1`] = `
ShallowWrapper {
  "length": 1,
  Symbol(enzyme.__root__): [Circular],
  Symbol(enzyme.__unrendered__): <Header />,
  Symbol(enzyme.__renderer__): Object {
    "batchedUpdates": [Function],
    "getNode": [Function],
    "render": [Function],
    "simulateEvent": [Function],
    "unmount": [Function],
  },
  Symbol(enzyme.__node__): Object {
    "instance": null,
    "key": undefined,
    "nodeType": "host",
    "props": Object {
      "children": Array [
        <NavLink
          activeClassName="active"
          ariaCurrent="true"
          to="/"
>
          Swapi-box
</NavLink>,
        <NavLink
          activeClassName="active"
          ariaCurrent="true"
          to="/favorites"
>
          Favorites
</NavLink>,
        <nav>
          <ul>
                    <li>
                              <NavLink
                                        activeClassName="active"
                                        ariaCurrent="true"
                                        to="/people"
                              >
                                        People
                              </NavLink>
                    </li>
                    <li>
                              <NavLink
                                        activeClassName="active"
                                        ariaCurrent="true"
                                        to="/planets"
                              >
                                        Planets
                              </NavLink>
                    </li>
                    <li>
                              <NavLink
                                        activeClassName="active"
                                        ariaCurrent="true"
                                        to="/vehicles"
                              >
                                        Vehicles
                              </NavLink>
                    </li>
                    <li>
                              <NavLink
                                        activeClassName="active"
                                        ariaCurrent="true"
                                        to="/starships"
                              >
                                        Starships
                              </NavLink>
                    </li>
          </ul>
</nav>,
      ],
    },
    "ref": null,
    "rendered": Array [
      Object {
        "instance": null,
        "key": undefined,
        "nodeType": "function",
        "props": Object {
          "activeClassName": "active",
          "ariaCurrent": "true",
          "children": "Swapi-box",
          "to": "/",
        },
        "ref": null,
        "rendered": "Swapi-box",
        "type": [Function],
      },
      Object {
        "instance": null,
        "key": undefined,
        "nodeType": "function",
        "props": Object {
          "activeClassName": "active",
          "ariaCurrent": "true",
          "children": "Favorites",
          "to": "/favorites",
        },
        "ref": null,
        "rendered": "Favorites",
        "type": [Function],
      },
      Object {
        "instance": null,
        "key": undefined,
        "nodeType": "host",
        "props": Object {
          "children": <ul>
            <li>
                        <NavLink
                                    activeClassName="active"
                                    ariaCurrent="true"
                                    to="/people"
                        >
                                    People
                        </NavLink>
            </li>
            <li>
                        <NavLink
                                    activeClassName="active"
                                    ariaCurrent="true"
                                    to="/planets"
                        >
                                    Planets
                        </NavLink>
            </li>
            <li>
                        <NavLink
                                    activeClassName="active"
                                    ariaCurrent="true"
                                    to="/vehicles"
                        >
                                    Vehicles
                        </NavLink>
            </li>
            <li>
                        <NavLink
                                    activeClassName="active"
                                    ariaCurrent="true"
                                    to="/starships"
                        >
                                    Starships
                        </NavLink>
            </li>
</ul>,
        },
        "ref": null,
        "rendered": Object {
          "instance": null,
          "key": undefined,
          "nodeType": "host",
          "props": Object {
            "children": Array [
              <li>
                <NavLink
                                activeClassName="active"
                                ariaCurrent="true"
                                to="/people"
                >
                                People
                </NavLink>
</li>,
              <li>
                <NavLink
                                activeClassName="active"
                                ariaCurrent="true"
                                to="/planets"
                >
                                Planets
                </NavLink>
</li>,
              <li>
                <NavLink
                                activeClassName="active"
                                ariaCurrent="true"
                                to="/vehicles"
                >
                                Vehicles
                </NavLink>
</li>,
              <li>
                <NavLink
                                activeClassName="active"
                                ariaCurrent="true"
                                to="/starships"
                >
                                Starships
                </NavLink>
</li>,
            ],
          },
          "ref": null,
          "rendered": Array [
            Object {
              "instance": null,
              "key": undefined,
              "nodeType": "host",
              "props": Object {
                "children": <NavLink
                  activeClassName="active"
                  ariaCurrent="true"
                  to="/people"
>
                  People
</NavLink>,
              },
              "ref": null,
              "rendered": Object {
                "instance": null,
                "key": undefined,
                "nodeType": "function",
                "props": Object {
                  "activeClassName": "active",
                  "ariaCurrent": "true",
                  "children": "People",
                  "to": "/people",
                },
                "ref": null,
                "rendered": "People",
                "type": [Function],
              },
              "type": "li",
            },
            Object {
              "instance": null,
              "key": undefined,
              "nodeType": "host",
              "props": Object {
                "children": <NavLink
                  activeClassName="active"
                  ariaCurrent="true"
                  to="/planets"
>
                  Planets
</NavLink>,
              },
              "ref": null,
              "rendered": Object {
                "instance": null,
                "key": undefined,
                "nodeType": "function",
                "props": Object {
                  "activeClassName": "active",
                  "ariaCurrent": "true",
                  "children": "Planets",
                  "to": "/planets",
                },
                "ref": null,
                "rendered": "Planets",
                "type": [Function],
              },
              "type": "li",
            },
            Object {
              "instance": null,
              "key": undefined,
              "nodeType": "host",
              "props": Object {
                "children": <NavLink
                  activeClassName="active"
                  ariaCurrent="true"
                  to="/vehicles"
>
                  Vehicles
</NavLink>,
              },
              "ref": null,
              "rendered": Object {
                "instance": null,
                "key": undefined,
                "nodeType": "function",
                "props": Object {
                  "activeClassName": "active",
                  "ariaCurrent": "true",
                  "children": "Vehicles",
                  "to": "/vehicles",
                },
                "ref": null,
                "rendered": "Vehicles",
                "type": [Function],
              },
              "type": "li",
            },
            Object {
              "instance": null,
              "key": undefined,
              "nodeType": "host",
              "props": Object {
                "children": <NavLink
                  activeClassName="active"
                  ariaCurrent="true"
                  to="/starships"
>
                  Starships
</NavLink>,
              },
              "ref": null,
              "rendered": Object {
                "instance": null,
                "key": undefined,
                "nodeType": "function",
                "props": Object {
                  "activeClassName": "active",
                  "ariaCurrent": "true",
                  "children": "Starships",
                  "to": "/starships",
                },
                "ref": null,
                "rendered": "Starships",
                "type": [Function],
              },
              "type": "li",
            },
          ],
          "type": "ul",
        },
        "type": "nav",
      },
    ],
    "type": "header",
  },
  Symbol(enzyme.__nodes__): Array [
    Object {
      "instance": null,
      "key": undefined,
      "nodeType": "host",
      "props": Object {
        "children": Array [
          <NavLink
            activeClassName="active"
            ariaCurrent="true"
            to="/"
>
            Swapi-box
</NavLink>,
          <NavLink
            activeClassName="active"
            ariaCurrent="true"
            to="/favorites"
>
            Favorites
</NavLink>,
          <nav>
            <ul>
                        <li>
                                    <NavLink
                                                activeClassName="active"
                                                ariaCurrent="true"
                                                to="/people"
                                    >
                                                People
                                    </NavLink>
                        </li>
                        <li>
                                    <NavLink
                                                activeClassName="active"
                                                ariaCurrent="true"
                                                to="/planets"
                                    >
                                                Planets
                                    </NavLink>
                        </li>
                        <li>
                                    <NavLink
                                                activeClassName="active"
                                                ariaCurrent="true"
                                                to="/vehicles"
                                    >
                                                Vehicles
                                    </NavLink>
                        </li>
                        <li>
                                    <NavLink
                                                activeClassName="active"
                                                ariaCurrent="true"
                                                to="/starships"
                                    >
                                                Starships
                                    </NavLink>
                        </li>
            </ul>
</nav>,
        ],
      },
      "ref": null,
      "rendered": Array [
        Object {
          "instance": null,
          "key": undefined,
          "nodeType": "function",
          "props": Object {
            "activeClassName": "active",
            "ariaCurrent": "true",
            "children": "Swapi-box",
            "to": "/",
          },
          "ref": null,
          "rendered": "Swapi-box",
          "type": [Function],
        },
        Object {
          "instance": null,
          "key": undefined,
          "nodeType": "function",
          "props": Object {
            "activeClassName": "active",
            "ariaCurrent": "true",
            "children": "Favorites",
            "to": "/favorites",
          },
          "ref": null,
          "rendered": "Favorites",
          "type": [Function],
        },
        Object {
          "instance": null,
          "key": undefined,
          "nodeType": "host",
          "props": Object {
            "children": <ul>
              <li>
                            <NavLink
                                          activeClassName="active"
                                          ariaCurrent="true"
                                          to="/people"
                            >
                                          People
                            </NavLink>
              </li>
              <li>
                            <NavLink
                                          activeClassName="active"
                                          ariaCurrent="true"
                                          to="/planets"
                            >
                                          Planets
                            </NavLink>
              </li>
              <li>
                            <NavLink
                                          activeClassName="active"
                                          ariaCurrent="true"
                                          to="/vehicles"
                            >
                                          Vehicles
                            </NavLink>
              </li>
              <li>
                            <NavLink
                                          activeClassName="active"
                                          ariaCurrent="true"
                                          to="/starships"
                            >
                                          Starships
                            </NavLink>
              </li>
</ul>,
          },
          "ref": null,
          "rendered": Object {
            "instance": null,
            "key": undefined,
            "nodeType": "host",
            "props": Object {
              "children": Array [
                <li>
                  <NavLink
                                    activeClassName="active"
                                    ariaCurrent="true"
                                    to="/people"
                  >
                                    People
                  </NavLink>
</li>,
                <li>
                  <NavLink
                                    activeClassName="active"
                                    ariaCurrent="true"
                                    to="/planets"
                  >
                                    Planets
                  </NavLink>
</li>,
                <li>
                  <NavLink
                                    activeClassName="active"
                                    ariaCurrent="true"
                                    to="/vehicles"
                  >
                                    Vehicles
                  </NavLink>
</li>,
                <li>
                  <NavLink
                                    activeClassName="active"
                                    ariaCurrent="true"
                                    to="/starships"
                  >
                                    Starships
                  </NavLink>
</li>,
              ],
            },
            "ref": null,
            "rendered": Array [
              Object {
                "instance": null,
                "key": undefined,
                "nodeType": "host",
                "props": Object {
                  "children": <NavLink
                    activeClassName="active"
                    ariaCurrent="true"
                    to="/people"
>
                    People
</NavLink>,
                },
                "ref": null,
                "rendered": Object {
                  "instance": null,
                  "key": undefined,
                  "nodeType": "function",
                  "props": Object {
                    "activeClassName": "active",
                    "ariaCurrent": "true",
                    "children": "People",
                    "to": "/people",
                  },
                  "ref": null,
                  "rendered": "People",
                  "type": [Function],
                },
                "type": "li",
              },
              Object {
                "instance": null,
                "key": undefined,
                "nodeType": "host",
                "props": Object {
                  "children": <NavLink
                    activeClassName="active"
                    ariaCurrent="true"
                    to="/planets"
>
                    Planets
</NavLink>,
                },
                "ref": null,
                "rendered": Object {
                  "instance": null,
                  "key": undefined,
                  "nodeType": "function",
                  "props": Object {
                    "activeClassName": "active",
                    "ariaCurrent": "true",
                    "children": "Planets",
                    "to": "/planets",
                  },
                  "ref": null,
                  "rendered": "Planets",
                  "type": [Function],
                },
                "type": "li",
              },
              Object {
                "instance": null,
                "key": undefined,
                "nodeType": "host",
                "props": Object {
                  "children": <NavLink
                    activeClassName="active"
                    ariaCurrent="true"
                    to="/vehicles"
>
                    Vehicles
</NavLink>,
                },
                "ref": null,
                "rendered": Object {
                  "instance": null,
                  "key": undefined,
                  "nodeType": "function",
                  "props": Object {
                    "activeClassName": "active",
                    "ariaCurrent": "true",
                    "children": "Vehicles",
                    "to": "/vehicles",
                  },
                  "ref": null,
                  "rendered": "Vehicles",
                  "type": [Function],
                },
                "type": "li",
              },
              Object {
                "instance": null,
                "key": undefined,
                "nodeType": "host",
                "props": Object {
                  "children": <NavLink
                    activeClassName="active"
                    ariaCurrent="true"
                    to="/starships"
>
                    Starships
</NavLink>,
                },
                "ref": null,
                "rendered": Object {
                  "instance": null,
                  "key": undefined,
                  "nodeType": "function",
                  "props": Object {
                    "activeClassName": "active",
                    "ariaCurrent": "true",
                    "children": "Starships",
                    "to": "/starships",
                  },
                  "ref": null,
                  "rendered": "Starships",
                  "type": [Function],
                },
                "type": "li",
              },
            ],
            "type": "ul",
          },
          "type": "nav",
        },
      ],
      "type": "header",
    },
  ],
  Symbol(enzyme.__options__): Object {
    "adapter": ReactSixteenAdapter {
      "options": Object {
        "enableComponentDidUpdateOnSetState": true,
      },
    },
    "disableLifecycleMethods": true,
  },
}
`;
